// Jest Snapshot v1, https://goo.gl/fbAQLP

exports[`Footer component should render successfully 1`] = `
<DocumentFragment>
  <footer
    class="c-footer"
  >
    <div
      class="o-shell"
    >
      <p>
        Â© 2023. All rights reserved.
      </p>
      <p>
        Change language:
        <button>
          de
        </button>
        <button
          disabled=""
        >
          en
        </button>
      </p>
    </div>
  </footer>
</DocumentFragment>
`;
