// Jest Snapshot v1, https://goo.gl/fbAQLP

exports[`Home component should render successfully 1`] = `
<Wrapper>
  <div
    className="o-shell"
  >
    Homepage
  </div>
</Wrapper>
`;
