// Jest Snapshot v1, https://goo.gl/fbAQLP

exports[`Icon component should render successfully 1`] = `<DocumentFragment />`;
