// Jest Snapshot v1, https://goo.gl/fbAQLP

exports[`Login component should render successfully 1`] = `
<DocumentFragment>
  <div
    class="o-wrapper o-wrapper--fancy"
  >
    <header
      class="c-header"
    >
      <div
        class="o-shell o-shell--flex"
      >
        <a
          class="c-logo"
          href="/"
        />
        <nav
          class="c-nav"
        >
          <ul>
            <li>
              <a
                class=""
                href="/about"
              >
                About
              </a>
            </li>
            <li>
              <a
                class=""
                href="/login"
              >
                Login
              </a>
            </li>
          </ul>
        </nav>
      </div>
    </header>
    <main
      class="o-main"
    >
      <form
        class="c-form c-form--login"
      >
        <h2>
          Login
        </h2>
        <div
          class="c-form__field c-form__field--email"
        >
          <header
            class="c-form__field-head"
          >
            <label
              for="email"
            >
              Email Address
            </label>
          </header>
          <input
            id="email"
            name="email"
            placeholder="someone@example.com"
            type="email"
          />
        </div>
        <div
          class="c-form__field c-form__field--password"
        >
          <header
            class="c-form__field-head"
          >
            <label
              for="password"
            >
              Password
            </label>
          </header>
          <input
            id="password"
            name="password"
            placeholder="********"
            type="password"
          />
        </div>
        <button
          class="c-btn "
          type="submit"
        >
          Login
        </button>
        <p
          class="c-form__hint"
        >
          Don't have an account? 
          <a
            href="/signup"
          >
            Sign up
          </a>
        </p>
        <p
          class="c-form__hint"
        >
          Forgot password? 
          <a
            href="/reset-password"
          >
            Reset password
          </a>
        </p>
      </form>
    </main>
    <footer
      class="c-footer"
    >
      <div
        class="o-shell"
      >
        <p>
          Â© 2023. All rights reserved.
        </p>
        <p>
          Change language:
          <button>
            de
          </button>
          <button
            disabled=""
          >
            en
          </button>
        </p>
      </div>
    </footer>
  </div>
</DocumentFragment>
`;
